{
  "version": "1.5.0",
  "plugins_used": [
    {
      "name": "ArtifactoryDetector"
    },
    {
      "name": "AWSKeyDetector"
    },
    {
      "name": "AzureStorageKeyDetector"
    },
    {
      "name": "Base64HighEntropyString",
      "limit": 4.5
    },
    {
      "name": "BasicAuthDetector"
    },
    {
      "name": "CloudantDetector"
    },
    {
      "name": "DiscordBotTokenDetector"
    },
    {
      "name": "GitHubTokenDetector"
    },
    {
      "name": "HexHighEntropyString",
      "limit": 3.0
    },
    {
      "name": "IbmCloudIamDetector"
    },
    {
      "name": "IbmCosHmacDetector"
    },
    {
      "name": "JwtTokenDetector"
    },
    {
      "name": "KeywordDetector",
      "keyword_exclude": ""
    },
    {
      "name": "MailchimpDetector"
    },
    {
      "name": "NpmDetector"
    },
    {
      "name": "PrivateKeyDetector"
    },
    {
      "name": "SendGridDetector"
    },
    {
      "name": "SlackDetector"
    },
    {
      "name": "SoftlayerDetector"
    },
    {
      "name": "SquareOAuthDetector"
    },
    {
      "name": "StripeDetector"
    },
    {
      "name": "TwilioKeyDetector"
    }
  ],
  "filters_used": [
    {
      "path": "detect_secrets.filters.allowlist.is_line_allowlisted"
    },
    {
      "path": "detect_secrets.filters.common.is_baseline_file",
      "filename": ".secrets.baseline"
    },
    {
      "path": "detect_secrets.filters.common.is_ignored_due_to_verification_policies",
      "min_level": 2
    },
    {
      "path": "detect_secrets.filters.heuristic.is_indirect_reference"
    },
    {
      "path": "detect_secrets.filters.heuristic.is_likely_id_string"
    },
    {
      "path": "detect_secrets.filters.heuristic.is_lock_file"
    },
    {
      "path": "detect_secrets.filters.heuristic.is_not_alphanumeric_string"
    },
    {
      "path": "detect_secrets.filters.heuristic.is_potential_uuid"
    },
    {
      "path": "detect_secrets.filters.heuristic.is_prefixed_with_dollar_sign"
    },
    {
      "path": "detect_secrets.filters.heuristic.is_sequential_string"
    },
    {
      "path": "detect_secrets.filters.heuristic.is_swagger_file"
    },
    {
      "path": "detect_secrets.filters.heuristic.is_templated_secret"
    }
  ],
  "results": {
    ".env.test": [
      {
        "type": "Secret Keyword",
        "filename": ".env.test",
        "hashed_secret": "58a05f8e6afa246584f1270eb5daa45d21c458e1",
        "is_verified": false,
        "line_number": 11
      },
      {
        "type": "Secret Keyword",
        "filename": ".env.test",
        "hashed_secret": "6a49d3e4cde51b19e95e297765f64c8e227fe36a",
        "is_verified": false,
        "line_number": 12
      }
    ],
    "docs/how-to/fine-tune-qwen3.md": [
      {
        "type": "Secret Keyword",
        "filename": "docs/how-to/fine-tune-qwen3.md",
        "hashed_secret": "6d9c68c603e465077bdd49c62347fe54717f83a3",
        "is_verified": false,
        "line_number": 124
      }
    ],
    "docs/reference/environment-variables.md": [
      {
        "type": "Secret Keyword",
        "filename": "docs/reference/environment-variables.md",
        "hashed_secret": "a8253456364f1bfc7da7ae4a1db5b45d106317a5",
        "is_verified": false,
        "line_number": 114
      }
    ],
    "notebooks/03_training_pipeline.ipynb": [
      {
        "type": "Secret Keyword",
        "filename": "notebooks/03_training_pipeline.ipynb",
        "hashed_secret": "11fa7c37d697f30e6aee828b4426a10f83ab2380",
        "is_verified": false,
        "line_number": 536
      }
    ],
    "scripts/setup-secrets.py": [
      {
        "type": "Secret Keyword",
        "filename": "scripts/setup-secrets.py",
        "hashed_secret": "6a01df300e8fdc808a9e5ff43e165e08a4bcb06c",
        "is_verified": false,
        "line_number": 92
      },
      {
        "type": "Secret Keyword",
        "filename": "scripts/setup-secrets.py",
        "hashed_secret": "f03fcb4b1878d8e3eff0d698c48ab974d5ac35c2",
        "is_verified": false,
        "line_number": 99
      }
    ],
    "tests/conftest.py": [
      {
        "type": "Base64 High Entropy String",
        "filename": "tests/conftest.py",
        "hashed_secret": "18f2c469a19d5914e10c3404b905f8b74b8e610e",
        "is_verified": false,
        "line_number": 372
      }
    ],
    "tests/unit/test_privacy_filter.py": [
      {
        "type": "Base64 High Entropy String",
        "filename": "tests/unit/test_privacy_filter.py",
        "hashed_secret": "18f2c469a19d5914e10c3404b905f8b74b8e610e",
        "is_verified": false,
        "line_number": 179
      }
    ]
  },
  "generated_at": "2025-06-19T21:35:09Z"
}
